[    0.000000] Initializing cgroup subsys cpuset
[    0.000000] Initializing cgroup subsys cpu
[    0.000000] Initializing cgroup subsys cpuacct
[    0.000000] Linux version 4.4.0-139-generic (buildd@lcy01-amd64-006) (gcc version 5.4.0 20160609 (Ubuntu 5.4.0-6ubuntu1~16.04.10) ) #165-Ubuntu SMP Wed Oct 24 10:58:50 UTC 2018 (Ubuntu 4.4.0-139.165-generic 4.4.160)
[    0.000000] Command line: BOOT_IMAGE=/boot/vmlinuz-4.4.0-139-generic root=LABEL=cloudimg-rootfs ro console=tty1 console=ttyS0
[    0.000000] KERNEL supported cpus:
[    0.000000]   Intel GenuineIntel
[    0.000000]   AMD AuthenticAMD
[    0.000000]   Centaur CentaurHauls
[    0.000000] x86/fpu: Legacy x87 FPU detected.
[    0.000000] e820: BIOS-provided physical RAM map:
[    0.000000] BIOS-e820: [mem 0x0000000000000000-0x000000000009fbff] usable
[    0.000000] BIOS-e820: [mem 0x000000000009fc00-0x000000000009ffff] reserved
[    0.000000] BIOS-e820: [mem 0x00000000000f0000-0x00000000000fffff] reserved
[    0.000000] BIOS-e820: [mem 0x0000000000100000-0x000000001ffeffff] usable
[    0.000000] BIOS-e820: [mem 0x000000001fff0000-0x000000001fffffff] ACPI data
[    0.000000] BIOS-e820: [mem 0x00000000fec00000-0x00000000fec00fff] reserved
[    0.000000] BIOS-e820: [mem 0x00000000fee00000-0x00000000fee00fff] reserved
[    0.000000] BIOS-e820: [mem 0x00000000fffc0000-0x00000000ffffffff] reserved
[    0.000000] NX (Execute Disable) protection: active
[    0.000000] SMBIOS 2.5 present.
[    0.000000] Hypervisor detected: KVM
[    0.000000] Kernel/User page tables isolation: disabled
[    0.000000] AGP: No AGP bridge found
[    0.000000] e820: last_pfn = 0x1fff0 max_arch_pfn = 0x400000000
[    0.000000] MTRR: Disabled
[    0.000000] x86/PAT: MTRRs disabled, skipping PAT initialization too.
[    0.000000] CPU MTRRs all blank - virtualized system.
[    0.000000] x86/PAT: Configuration [0-7]: WB  WT  UC- UC  WB  WT  UC- UC  
[    0.000000] found SMP MP-table at [mem 0x0009fff0-0x0009ffff] mapped at [ffff88000009fff0]
[    0.000000] Scanning 1 areas for low memory corruption
[    0.000000] RAMDISK: [mem 0x1e8bd000-0x1f730fff]
[    0.000000] ACPI: Early table checksum verification disabled
[    0.000000] ACPI: RSDP 0x00000000000E0000 000024 (v02 VBOX  )
[    0.000000] ACPI: XSDT 0x000000001FFF0030 00003C (v01 VBOX   VBOXXSDT 00000001 ASL  00000061)
[    0.000000] ACPI: FACP 0x000000001FFF00F0 0000F4 (v04 VBOX   VBOXFACP 00000001 ASL  00000061)
[    0.000000] ACPI: DSDT 0x000000001FFF0470 0021FF (v02 VBOX   VBOXBIOS 00000002 INTL 20160108)
[    0.000000] ACPI: FACS 0x000000001FFF0200 000040
[    0.000000] ACPI: FACS 0x000000001FFF0200 000040
[    0.000000] ACPI: APIC 0x000000001FFF0240 00005C (v02 VBOX   VBOXAPIC 00000001 ASL  00000061)
[    0.000000] ACPI: SSDT 0x000000001FFF02A0 0001CC (v01 VBOX   VBOXCPUT 00000002 INTL 20160108)
[    0.000000] No NUMA configuration found
[    0.000000] Faking a node at [mem 0x0000000000000000-0x000000001ffeffff]
[    0.000000] NODE_DATA(0) allocated [mem 0x1ffeb000-0x1ffeffff]
[    0.000000] kvm-clock: Using msrs 4b564d01 and 4b564d00
[    0.000000] kvm-clock: cpu 0, msr 0:1ffe3001, primary cpu clock
[    0.000000] kvm-clock: using sched offset of 3830499281 cycles
[    0.000000] clocksource: kvm-clock: mask: 0xffffffffffffffff max_cycles: 0x1cd42e4dffb, max_idle_ns: 881590591483 ns
[    0.000000] Zone ranges:
[    0.000000]   DMA      [mem 0x0000000000001000-0x0000000000ffffff]
[    0.000000]   DMA32    [mem 0x0000000001000000-0x000000001ffeffff]
[    0.000000]   Normal   empty
[    0.000000]   Device   empty
[    0.000000] Movable zone start for each node
[    0.000000] Early memory node ranges
[    0.000000]   node   0: [mem 0x0000000000001000-0x000000000009efff]
[    0.000000]   node   0: [mem 0x0000000000100000-0x000000001ffeffff]
[    0.000000] Initmem setup node 0 [mem 0x0000000000001000-0x000000001ffeffff]
[    0.000000] ACPI: PM-Timer IO Port: 0x4008
[    0.000000] IOAPIC[0]: apic_id 2, version 32, address 0xfec00000, GSI 0-23
[    0.000000] ACPI: INT_SRC_OVR (bus 0 bus_irq 0 global_irq 2 dfl dfl)
[    0.000000] ACPI: INT_SRC_OVR (bus 0 bus_irq 9 global_irq 9 high level)
[    0.000000] Using ACPI (MADT) for SMP configuration information
[    0.000000] smpboot: Allowing 2 CPUs, 0 hotplug CPUs
[    0.000000] PM: Registered nosave memory: [mem 0x00000000-0x00000fff]
[    0.000000] PM: Registered nosave memory: [mem 0x0009f000-0x0009ffff]
[    0.000000] PM: Registered nosave memory: [mem 0x000a0000-0x000effff]
[    0.000000] PM: Registered nosave memory: [mem 0x000f0000-0x000fffff]
[    0.000000] e820: [mem 0x20000000-0xfebfffff] available for PCI devices
[    0.000000] Booting paravirtualized kernel on KVM
[    0.000000] clocksource: refined-jiffies: mask: 0xffffffff max_cycles: 0xffffffff, max_idle_ns: 7645519600211568 ns
[    0.000000] setup_percpu: NR_CPUS:512 nr_cpumask_bits:512 nr_cpu_ids:2 nr_node_ids:1
[    0.000000] PERCPU: Embedded 34 pages/cpu @ffff88001fc00000 s99608 r8192 d31464 u1048576
[    0.000000] PV qspinlock hash table entries: 256 (order: 0, 4096 bytes)
[    0.000000] Built 1 zonelists in Node order, mobility grouping on.  Total pages: 128888
[    0.000000] Policy zone: DMA32
[    0.000000] Kernel command line: BOOT_IMAGE=/boot/vmlinuz-4.4.0-139-generic root=LABEL=cloudimg-rootfs ro console=tty1 console=ttyS0
[    0.000000] PID hash table entries: 2048 (order: 2, 16384 bytes)
[    0.000000] AGP: Checking aperture...
[    0.000000] AGP: No AGP bridge found
[    0.000000] Memory: 481624K/523832K available (8564K kernel code, 1314K rwdata, 4004K rodata, 1528K init, 1316K bss, 42208K reserved, 0K cma-reserved)
[    0.000000] SLUB: HWalign=64, Order=0-3, MinObjects=0, CPUs=2, Nodes=1
[    0.000000] Hierarchical RCU implementation.
[    0.000000] 	Build-time adjustment of leaf fanout to 64.
[    0.000000] 	RCU restricting CPUs from NR_CPUS=512 to nr_cpu_ids=2.
[    0.000000] RCU: Adjusting geometry for rcu_fanout_leaf=64, nr_cpu_ids=2
[    0.000000] NR_IRQS:33024 nr_irqs:440 16
[    0.000000] Console: colour VGA+ 80x25
[    0.000000] console [tty1] enabled
[    0.000000] console [ttyS0] enabled
[    0.000000] tsc: Detected 3013.728 MHz processor
[    0.000000] tsc: Marking TSC unstable due to TSCs unsynchronized
[    0.008000] Calibrating delay loop (skipped) preset value.. 6027.45 BogoMIPS (lpj=12054912)
[    0.009300] pid_max: default: 32768 minimum: 301
[    0.010863] ACPI: Core revision 20150930
[    0.013048] ACPI: 2 ACPI AML tables successfully acquired and loaded
[    0.015243] Security Framework initialized
[    0.016004] Yama: becoming mindful.
[    0.017257] AppArmor: AppArmor initialized
[    0.018767] Dentry cache hash table entries: 65536 (order: 7, 524288 bytes)
[    0.020159] Inode-cache hash table entries: 32768 (order: 6, 262144 bytes)
[    0.024090] Mount-cache hash table entries: 1024 (order: 1, 8192 bytes)
[    0.026210] Mountpoint-cache hash table entries: 1024 (order: 1, 8192 bytes)
[    0.028221] Initializing cgroup subsys io
[    0.029662] Initializing cgroup subsys memory
[    0.032015] Initializing cgroup subsys devices
[    0.033538] Initializing cgroup subsys freezer
[    0.035084] Initializing cgroup subsys net_cls
[    0.036000] Initializing cgroup subsys perf_event
[    0.036000] Initializing cgroup subsys net_prio
[    0.036027] Initializing cgroup subsys hugetlb
[    0.037588] Initializing cgroup subsys pids
[    0.040077] Disabling Indirect Branch Predictor Support
[    0.041848] mce: CPU supports 0 MCE banks
[    0.044019] process: using AMD E400 aware idle routine
[    0.045732] Last level iTLB entries: 4KB 512, 2MB 16, 4MB 8
[    0.047585] Last level dTLB entries: 4KB 512, 2MB 128, 4MB 64, 1GB 0
[    0.048004] Spectre V2 : Spectre mitigation: LFENCE not serializing. Switching to generic retpoline
[    0.052003] Spectre V2 : Mitigation: Full generic retpoline
[    0.053825] Spectre V2 : Spectre v2 mitigation: Speculation control IBPB not-supported IBRS not-supported
[    0.056004] Spectre V2 : Spectre v2 / SpectreRSB mitigation: Filling RSB on context switch
[    0.062152] Freeing SMP alternatives memory: 32K
[    0.072777] ftrace: allocating 32278 entries in 127 pages
[    0.092147] smpboot: APIC(0) Converting physical 0 to logical package 0
[    0.096005] smpboot: Max logical packages: 1
[    0.097362] x2apic enabled
[    0.100005] Switched APIC routing to physical x2apic.
[    0.102535] ..TIMER: vector=0x30 apic1=0 pin1=2 apic2=-1 pin2=-1
[    0.108000] smpboot: CPU0: AMD Athlon(tm) II X2 250 Processor (family: 0x10, model: 0x6, stepping: 0x3)
[    0.110019] Performance Events: Broken PMU hardware detected, using software events only.
[    0.113555] Failed to access perfctr msr (MSR c0010007 is 0)
[    0.115031] KVM setup paravirtual spinlock
[    0.116793] x86: Booting SMP configuration:
[    0.117978] .... node  #0, CPUs:      #1
[    0.008000] kvm-clock: cpu 1, msr 0:1ffe3041, secondary cpu clock
[    0.008000] mce: CPU supports 0 MCE banks
[    0.172038] x86: Booted up 1 node, 2 CPUs
[    0.173537] smpboot: Total of 2 processors activated (12054.91 BogoMIPS)
[    0.176743] devtmpfs: initialized
[    0.182991] evm: security.selinux
[    0.184004] evm: security.SMACK64
[    0.185021] evm: security.SMACK64EXEC
[    0.186065] evm: security.SMACK64TRANSMUTE
[    0.188002] evm: security.SMACK64MMAP
[    0.189035] evm: security.ima
[    0.189977] evm: security.capability
[    0.192598] clocksource: jiffies: mask: 0xffffffff max_cycles: 0xffffffff, max_idle_ns: 7645041785100000 ns
[    0.195213] futex hash table entries: 512 (order: 3, 32768 bytes)
[    0.196979] pinctrl core: initialized pinctrl subsystem
[    0.200093] RTC time: 21:16:41, date: 11/22/18
[    0.201809] NET: Registered protocol family 16
[    0.212054] cpuidle: using governor ladder
[    0.228026] cpuidle: using governor menu
[    0.232029] PCCT header not found.
[    0.236255] ACPI: bus type PCI registered
[    0.237580] acpiphp: ACPI Hot Plug PCI Controller Driver version: 0.5
[    0.240120] PCI: Using configuration type 1 for base access
[    0.241586] PCI: Using configuration type 1 for extended access
[    0.256176] ACPI: Added _OSI(Module Device)
[    0.258150] ACPI: Added _OSI(Processor Device)
[    0.260010] ACPI: Added _OSI(3.0 _SCP Extensions)
[    0.261866] ACPI: Added _OSI(Processor Aggregator Device)
[    0.264838] ACPI: Executed 1 blocks of module-level executable AML code
[    0.270682] ACPI: Interpreter enabled
[    0.272014] ACPI: (supports S0 S5)
[    0.273230] ACPI: Using IOAPIC for interrupt routing
[    0.276171] PCI: Using host bridge windows from ACPI; if necessary, use "pci=nocrs" and report a bug
[    0.283149] ACPI: PCI Root Bridge [PCI0] (domain 0000 [bus 00-ff])
[    0.284025] acpi PNP0A03:00: _OSC: OS supports [ExtendedConfig ASPM ClockPM Segments MSI]
[    0.288060] acpi PNP0A03:00: _OSC: OS now controls [PCIeHotplug PME AER PCIeCapability]
[    0.292260] PCI host bridge to bus 0000:00
[    0.293997] pci_bus 0000:00: root bus resource [io  0x0000-0x0cf7 window]
[    0.296007] pci_bus 0000:00: root bus resource [io  0x0d00-0xffff window]
[    0.298150] pci_bus 0000:00: root bus resource [mem 0x000a0000-0x000bffff window]
[    0.300003] pci_bus 0000:00: root bus resource [mem 0x20000000-0xffdfffff window]
[    0.304003] pci_bus 0000:00: root bus resource [bus 00-ff]
[    0.307012] pci 0000:00:01.1: legacy IDE quirk: reg 0x10: [io  0x01f0-0x01f7]
[    0.308004] pci 0000:00:01.1: legacy IDE quirk: reg 0x14: [io  0x03f6]
[    0.312015] pci 0000:00:01.1: legacy IDE quirk: reg 0x18: [io  0x0170-0x0177]
[    0.316003] pci 0000:00:01.1: legacy IDE quirk: reg 0x1c: [io  0x0376]
[    0.355829] pci 0000:00:07.0: quirk: [io  0x4000-0x403f] claimed by PIIX4 ACPI
[    0.356024] pci 0000:00:07.0: quirk: [io  0x4100-0x410f] claimed by PIIX4 SMB
[    0.377286] ACPI: PCI Interrupt Link [LNKA] (IRQs 5 9 10 *11)
[    0.381064] ACPI: PCI Interrupt Link [LNKB] (IRQs 5 9 10 *11)
[    0.382988] ACPI: PCI Interrupt Link [LNKC] (IRQs 5 9 *10 11)
[    0.384000] ACPI: PCI Interrupt Link [LNKD] (IRQs 5 *9 10 11)
[    0.385175] ACPI: Enabled 2 GPEs in block 00 to 07
[    0.388574] vgaarb: setting as boot device: PCI:0000:00:02.0
[    0.390154] vgaarb: device added: PCI:0000:00:02.0,decodes=io+mem,owns=io+mem,locks=none
[    0.392005] vgaarb: loaded
[    0.392855] vgaarb: bridge control possible 0000:00:02.0
[    0.396278] SCSI subsystem initialized
[    0.397916] ACPI: bus type USB registered
[    0.400030] usbcore: registered new interface driver usbfs
[    0.401528] usbcore: registered new interface driver hub
[    0.404333] usbcore: registered new device driver usb
[    0.408449] PCI: Using ACPI for IRQ routing
[    0.409966] NetLabel: Initializing
[    0.410981] NetLabel:  domain hash size = 128
[    0.412002] NetLabel:  protocols = UNLABELED CIPSOv4
[    0.413346] NetLabel:  unlabeled traffic allowed by default
[    0.416225] amd_nb: Cannot enumerate AMD northbridges
[    0.420207] clocksource: Switched to clocksource kvm-clock
[    0.430555] AppArmor: AppArmor Filesystem Enabled
[    0.431971] pnp: PnP ACPI init
[    0.433685] pnp: PnP ACPI: found 3 devices
[    0.448063] clocksource: acpi_pm: mask: 0xffffff max_cycles: 0xffffff, max_idle_ns: 2085701024 ns
[    0.450574] NET: Registered protocol family 2
[    0.452227] TCP established hash table entries: 4096 (order: 3, 32768 bytes)
[    0.454017] TCP bind hash table entries: 4096 (order: 4, 65536 bytes)
[    0.455685] TCP: Hash tables configured (established 4096 bind 4096)
[    0.457392] UDP hash table entries: 256 (order: 1, 8192 bytes)
[    0.458912] UDP-Lite hash table entries: 256 (order: 1, 8192 bytes)
[    0.460578] NET: Registered protocol family 1
[    0.461360] pci 0000:00:00.0: Limiting direct PCI/PCI transfers
[    0.463391] pci 0000:00:01.0: Activating ISA DMA hang workarounds
[    0.465096] Unpacking initramfs...
[    0.727759] Freeing initrd memory: 14800K
[    0.735402] clocksource: tsc: mask: 0xffffffffffffffff max_cycles: 0x2b70edbdde4, max_idle_ns: 440795267850 ns
[    0.738082] platform rtc_cmos: registered platform RTC device (no PNP device found)
[    0.740308] Scanning for low memory corruption every 60 seconds
[    0.742384] audit: initializing netlink subsys (disabled)
[    0.743874] audit: type=2000 audit(1542921406.552:1): initialized
[    0.745777] Initialise system trusted keyring
[    0.747327] HugeTLB registered 2 MB page size, pre-allocated 0 pages
[    0.765094] zbud: loaded
[    0.782550] VFS: Disk quotas dquot_6.6.0
[    0.790120] VFS: Dquot-cache hash table entries: 512 (order 0, 4096 bytes)
[    0.792331] squashfs: version 4.0 (2009/01/31) Phillip Lougher
[    0.794050] fuse init (API version 7.23)
[    0.795638] Key type big_key registered
[    0.797106] Allocating IMA MOK and blacklist keyrings.
[    0.800241] Key type asymmetric registered
[    0.824554] Asymmetric key parser 'x509' registered
[    0.825921] Block layer SCSI generic (bsg) driver version 0.4 loaded (major 249)
[    0.828084] io scheduler noop registered
[    0.829190] io scheduler deadline registered (default)
[    0.830609] io scheduler cfq registered
[    0.831810] pci_hotplug: PCI Hot Plug PCI Core version: 0.5
[    0.833248] pciehp: PCI Express Hot Plug Controller Driver version: 0.4
[    0.835072] ACPI: AC Adapter [AC] (on-line)
[    0.836325] input: Power Button as /devices/LNXSYSTM:00/LNXPWRBN:00/input/input0
[    0.838376] ACPI: Power Button [PWRF]
[    0.839460] input: Sleep Button as /devices/LNXSYSTM:00/LNXSLPBN:00/input/input1
[    0.841531] ACPI: Sleep Button [SLPF]
[    0.842790] GHES: HEST is not enabled!
[    0.844037] Serial: 8250/16550 driver, 32 ports, IRQ sharing enabled
[    0.866763] 00:02: ttyS0 at I/O 0x3f8 (irq = 4, base_baud = 115200) is a 16550A
[    0.874507] Linux agpgart interface v0.103
[    1.005196] loop: module loaded
[    1.106050] scsi host0: ata_piix
[    1.206931] scsi host1: ata_piix
[    1.306962] ata1: PATA max UDMA/33 cmd 0x1f0 ctl 0x3f6 bmdma 0xd000 irq 14
[    1.341506] ata2: PATA max UDMA/33 cmd 0x170 ctl 0x376 bmdma 0xd008 irq 15
[    1.346571] libphy: Fixed MDIO Bus: probed
[    1.347629] tun: Universal TUN/TAP device driver, 1.6
[    1.352056] tun: (C) 1999-2004 Max Krasnyansky <maxk@qualcomm.com>
[    1.356393] PPP generic driver version 2.4.2
[    1.357654] ehci_hcd: USB 2.0 'Enhanced' Host Controller (EHCI) Driver
[    1.364557] ehci-pci: EHCI PCI platform driver
[    1.365761] ehci-platform: EHCI generic platform driver
[    1.370193] ohci_hcd: USB 1.1 'Open' Host Controller (OHCI) Driver
[    1.374941] ohci-pci: OHCI PCI platform driver
[    1.381709] ohci-platform: OHCI generic platform driver
[    1.383653] uhci_hcd: USB Universal Host Controller Interface driver
[    1.385657] i8042: PNP: PS/2 Controller [PNP0303:PS2K,PNP0f03:PS2M] at 0x60,0x64 irq 1,12
[    1.390040] serio: i8042 KBD port at 0x60,0x64 irq 1
[    1.391471] serio: i8042 AUX port at 0x60,0x64 irq 12
[    1.393542] mousedev: PS/2 mouse device common for all mice
[    1.396527] rtc_cmos rtc_cmos: rtc core: registered rtc_cmos as rtc0
[    1.406429] input: AT Translated Set 2 keyboard as /devices/platform/i8042/serio0/input/input2
[    1.420762] rtc_cmos rtc_cmos: alarms up to one day, 114 bytes nvram
[    1.422415] i2c /dev entries driver
[    1.423468] device-mapper: uevent: version 1.0.3
[    1.424831] device-mapper: ioctl: 4.34.0-ioctl (2015-10-28) initialised: dm-devel@redhat.com
[    1.427028] ledtrig-cpu: registered to indicate activity on CPUs
[    1.438680] NET: Registered protocol family 10
[    1.440195] NET: Registered protocol family 17
[    1.441440] Key type dns_resolver registered
[    1.442356] registered taskstats version 1
[    1.442356] Loading compiled-in X.509 certificates
[    1.442356] Loaded X.509 cert 'Build time autogenerated kernel key: a88b0f663ecfd40e6a501dee2f0b211d51902e35'
[    1.449508] zswap: loaded using pool lzo/zbud
[    1.453452] Key type trusted registered
[    1.465385] Key type encrypted registered
[    1.491937] AppArmor: AppArmor sha1 policy hashing enabled
[    1.493384] ima: No TPM chip found, activating TPM-bypass!
[    1.494825] ima: Allocated hash algorithm: sha1
[    1.496128] evm: HMAC attrs: 0x1
[    1.497448]   Magic number: 10:632:298
[    1.498640] rtc_cmos rtc_cmos: setting system clock to 2018-11-22 21:16:42 UTC (1542921402)
[    1.501250] BIOS EDD facility v0.16 2004-Jun-25, 0 devices found
[    1.508618] EDD information not available.
[    1.511991] Freeing unused kernel memory: 1528K
[    1.524211] Write protecting the kernel read-only data: 14336k
[    1.533587] Freeing unused kernel memory: 1664K
[    1.535370] Freeing unused kernel memory: 92K
Loading, please wait...
starting version[    1.567151] random: udevadm: uninitialized urandom read (16 bytes read, 2 bits of entropy available)
 229
[    1.567475] random: systemd-udevd: uninitialized urandom read (16 bytes read, 2 bits of entropy available)
[    1.567655] random: systemd-udevd: uninitialized urandom read (16 bytes read, 2 bits of entropy available)
[    1.567685] random: systemd-udevd: uninitialized urandom read (16 bytes read, 2 bits of entropy available)
[    1.567709] random: systemd-udevd: uninitialized urandom read (16 bytes read, 2 bits of entropy available)
[    1.594022] random: udevadm: uninitialized urandom read (16 bytes read, 2 bits of entropy available)
[    1.606990] random: systemd-udevd: uninitialized urandom read (16 bytes read, 2 bits of entropy available)
[    1.610624] random: udevadm: uninitialized urandom read (16 bytes read, 2 bits of entropy available)
[    1.610684] random: udevadm: uninitialized urandom read (16 bytes read, 2 bits of entropy available)
[    1.610857] random: udevadm: uninitialized urandom read (16 bytes read, 2 bits of entropy available)
[    1.677685] e1000: Intel(R) PRO/1000 Network Driver - version 7.3.21-k8-NAPI
[    1.685426] e1000: Copyright (c) 1999-2006 Intel Corporation.
[    1.705748] Fusion MPT base driver 3.04.20
[    1.718150] Copyright (c) 1999-2008 LSI Corporation
[    1.729494] Fusion MPT SPI Host driver 3.04.20
[    1.896580] input: ImExPS/2 Generic Explorer Mouse as /devices/platform/i8042/serio1/input/input4
[    2.049717] e1000 0000:00:03.0 eth0: (PCI:33MHz:32-bit) 02:b7:b4:ca:a2:df
[    2.260921] e1000 0000:00:03.0 eth0: Intel(R) PRO/1000 Network Connection
[    2.469729] mptbase: ioc0: Initiating bringup
[    2.544414] ioc0: LSI53C1030 A0: Capabilities={Initiator}
[    2.736499] scsi host2: ioc0: LSI53C1030 A0, FwRev=00000000h, Ports=1, MaxQ=256, IRQ=20
[    2.861224] scsi 2:0:0:0: Direct-Access     VBOX     HARDDISK         1.0  PQ: 0 ANSI: 5
[    2.872176] scsi target2:0:0: Beginning Domain Validation
[    2.876272] scsi target2:0:0: Domain Validation skipping write tests
[    2.907373] scsi target2:0:0: Ending Domain Validation
[    2.918929] scsi target2:0:0: asynchronous
[    2.980496] scsi 2:0:1:0: Direct-Access     VBOX     HARDDISK         1.0  PQ: 0 ANSI: 5
[    3.005228] scsi target2:0:1: Beginning Domain Validation
[    3.013847] scsi target2:0:1: Domain Validation skipping write tests
[    3.019451] scsi target2:0:1: Ending Domain Validation
[    3.024742] scsi target2:0:1: asynchronous
[    3.041521] sd 2:0:0:0: [sda] 20971520 512-byte logical blocks: (10.7 GB/10.0 GiB)
[    3.066987] sd 2:0:0:0: Attached scsi generic sg0 type 0
[    3.076806] sd 2:0:1:0: [sdb] 20480 512-byte logical blocks: (10.5 MB/10.0 MiB)
[    3.084655] sd 2:0:1:0: Attached scsi generic sg1 type 0
[    3.091659] sd 2:0:1:0: [sdb] Write Protect is off
[    3.097358] sd 2:0:1:0: [sdb] Incomplete mode parameter data
[    3.101686] sd 2:0:1:0: [sdb] Assuming drive cache: write through
[    3.107717] sd 2:0:0:0: [sda] Write Protect is off
[    3.112201] sd 2:0:0:0: [sda] Incomplete mode parameter data
[    3.116541] sd 2:0:0:0: [sda] Assuming drive cache: write through
[    3.140562]  sda: sda1
[    3.150944] sd 2:0:1:0: [sdb] Attached SCSI disk
[    3.157950] sd 2:0:0:0: [sda] Attached SCSI disk
[    3.234214] e1000 0000:00:08.0 eth1: (PCI:33MHz:32-bit) 08:00:27:75:03:b3
[    3.242317] e1000 0000:00:08.0 eth1: Intel(R) PRO/1000 Network Connection
[    3.246565] e1000 0000:00:03.0 enp0s3: renamed from eth0
[    3.252565] e1000 0000:00:08.0 enp0s8: renamed from eth1
Begin: Loading essential drivers ... [    4.721061] md: linear personality registered for level -1
[    4.734433] md: multipath personality registered for level -4
[    4.748464] md: raid0 personality registered for level 0
[    4.781995] md: raid1 personality registered for level 1
[    4.892172] raid6: sse2x1   gen()  3534 MB/s
[    4.972050] raid6: sse2x1   xor()  3807 MB/s
[    5.040136] raid6: sse2x2   gen()  6064 MB/s
[    5.108100] raid6: sse2x2   xor()  6430 MB/s
[    5.176136] raid6: sse2x4   gen()  7011 MB/s
[    5.244146] raid6: sse2x4   xor()  3920 MB/s
[    5.245346] raid6: using algorithm sse2x4 gen() 7011 MB/s
[    5.246803] raid6: .... xor() 3920 MB/s, rmw enabled
[    5.248077] raid6: using intx1 recovery algorithm
[    5.251800] xor: measuring software checksum speed
[    5.292127]    prefetch64-sse:  9543.000 MB/sec
[    5.336143]    generic_sse:  9541.000 MB/sec
[    5.337270] xor: using function: prefetch64-sse (9543.000 MB/sec)
[    5.347688] async_tx: api initialized (async)
[    5.361176] md: raid6 personality registered for level 6
[    5.362708] md: raid5 personality registered for level 5
[    5.364073] md: raid4 personality registered for level 4
[    5.377294] md: raid10 personality registered for level 10
done.
Begin: Running /scripts/init-premount ... done.
Begin: Mounting root file system ... Begin: Running /scripts/local-top ... done.
Begin: Running /scripts/local-premount ... [    5.445998] Btrfs loaded
Scanning for Btrfs filesystems
done.
Warning: fsck not present, so skipping root file system
[    5.533465] EXT4-fs (sda1): mounted filesystem with ordered data mode. Opts: (null)
done.
Begin: Running /scripts/local-bottom ... done.
Begin: Running /scripts/init-bottom ... done.
[    5.998976] systemd[1]: systemd 229 running in system mode. (+PAM +AUDIT +SELINUX +IMA +APPARMOR +SMACK +SYSVINIT +UTMP +LIBCRYPTSETUP +GCRYPT +GNUTLS +ACL +XZ -LZ4 +SECCOMP +BLKID +ELFUTILS +KMOD -IDN)
[    6.015415] systemd[1]: Detected virtualization oracle.
[    6.016890] systemd[1]: Detected architecture x86-64.

Welcome to [1mUbuntu 16.04.5 LTS[0m!

[    6.094103] systemd[1]: Set hostname to <ubuntu-xenial>.
[    6.540751] random: nonblocking pool is initialized
[    6.661337] systemd[1]: Reached target System Time Synchronized.
[[0;32m  OK  [0m] Reached target System Time Synchronized.
[    6.689307] systemd[1]: Listening on udev Control Socket.
[[0;32m  OK  [0m] Listening on udev Control Socket.
[    6.693433] systemd[1]: Created slice System Slice.
[[0;32m  OK  [0m] Created slice System Slice.
[    6.696974] systemd[1]: Listening on Journal Audit Socket.
[[0;32m  OK  [0m] Listening on Journal Audit Socket.
[    6.700679] systemd[1]: Listening on Journal Socket (/dev/log).
[[0;32m  OK  [0m] Listening on Journal Socket (/dev/log).
[    6.705484] systemd[1]: Set up automount Arbitrary Executable File Formats File System Automount Point.
[[0;32m  OK  [0m] Set up automount Arbitrary Executab...ats File System Automount Point.
[    6.711457] systemd[1]: Listening on Syslog Socket.
[[0;32m  OK  [0m] Listening on Syslog Socket.
[    6.715653] systemd[1]: Listening on LVM2 metadata daemon socket.
[[0;32m  OK  [0m] Listening on LVM2 metadata daemon socket.
[    6.719705] systemd[1]: Listening on udev Kernel Socket.
[[0;32m  OK  [0m] Listening on udev Kernel Socket.
[    6.724077] systemd[1]: Reached target User and Group Name Lookups.
[[0;32m  OK  [0m] Reached target User and Group Name Lookups.
[    6.728390] systemd[1]: Listening on Device-mapper event daemon FIFOs.
[[0;32m  OK  [0m] Listening on Device-mapper event daemon FIFOs.
[    6.733599] systemd[1]: Created slice User and Session Slice.
[[0;32m  OK  [0m] Created slice User and Session Slice.
[    6.738175] systemd[1]: Reached target Encrypted Volumes.
[[0;32m  OK  [0m] Reached target Encrypted Volumes.
[    6.741913] systemd[1]: Listening on /dev/initctl Compatibility Named Pipe.
[[0;32m  OK  [0m] Listening on /dev/initctl Compatibility Named Pipe.
[    6.747130] systemd[1]: Reached target Swap.
[[0;32m  OK  [0m] Reached target Swap.
[    6.750232] systemd[1]: Started Forward Password Requests to Wall Directory Watch.
[[0;32m  OK  [0m] Started Forward Password Requests to Wall Directory Watch.
[    6.756631] systemd[1]: Created slice system-serial\x2dgetty.slice.
[[0;32m  OK  [0m] Created slice system-serial\x2dgetty.slice.
[    6.761569] systemd[1]: Listening on LVM2 poll daemon socket.
[[0;32m  OK  [0m] Listening on LVM2 poll daemon socket.
[    6.767225] systemd[1]: Started Trigger resolvconf update for networkd DNS.
[[0;32m  OK  [0m] Started Trigger resolvconf update for networkd DNS.
[    6.771923] systemd[1]: Listening on Journal Socket.
[[0;32m  OK  [0m] Listening on Journal Socket.
[    6.784711] systemd[1]: Starting Set console keymap...
         Starting Set console keymap...
[    6.796061] systemd[1]: Mounting Debug File System...
         Mounting Debug File System...
[    6.800956] systemd[1]: Starting Journal Service...
         Starting Journal Service...
[    6.805404] systemd[1]: Starting Create list of required static device nodes for the current kernel...
         Starting Create list of required st... nodes for the current kernel...
[    6.859353] systemd[1]: Mounting Huge Pages File System...
         Mounting Huge Pages File System...
[    6.877434] systemd[1]: Mounting POSIX Message Queue File System...
         Mounting POSIX Message Queue File System...
[    6.882758] systemd[1]: Starting Uncomplicated firewall...
         Starting Uncomplicated firewall...
[    6.887543] systemd[1]: Starting Remount Root and Kernel File Systems...
         Starting Remount Root and Kernel File Systems...
[    6.909198] systemd[1]: Starting Load Kernel Modules...
         Starting Load Kernel Modules...
[    6.920474] systemd[1]: Starting Nameserver information manager...
         Starting Nameserver information manager...
[    6.924083] systemd[1]: Starting Monitoring of LVM2 mirrors, snapshots etc. using dmeventd or progress polling...
         Starting Monitoring of LVM2 mirrors... dmeventd or progress polling...
[    6.932198] systemd[1]: Reached target Slices.
[[0;32m  OK  [0m] Reached target Slices.
[    6.938631] systemd[1]: Started Create list of required static device nodes for the current kernel.
[[0;32m  OK  [0m] Started Create list of required sta...ce nodes for the current kernel.
[    6.945011] systemd[1]: Started Uncomplicated firewall.
[[0;32m  OK  [0m] Started Uncomplicated firewall.
[    6.977290] EXT4-fs (sda1): re-mounted. Opts: (null)
[    6.979547] systemd[1]: Mounted POSIX Message Queue File System.
[[0;32m  OK  [0m] Mounted POSIX Message Queue File System.
[    7.048727] systemd[1]: Mounted Huge Pages File System.
[[0;32m  OK  [0m] Mounted Huge Pages File System.
[    7.052357] systemd[1]: Mounted Debug File System.
[[0;32m  OK  [0m] Mounted Debug File System.
[    7.078471] systemd[1]: Started Journal Service.
[[0;32m  OK  [0m] Started Journal Service.
[[0;32m  OK  [0m] Started Remount Root and Kernel File Systems.
[    7.110324] Loading iSCSI transport class v2.0-870.
[[0;32m  OK  [0m] Started Names[    7.219712] iscsi: registered transport (tcp)
erver information manager.
[[0;32m  OK  [0m] Started Set console keymap.
         Starting udev Coldplug all Devices...
         Starting Load/Save Random Seed...
         Starting Flush Journal to Persistent Storage...
         Starting Create Static Device Nodes in /dev...
[[0;32m  OK  [0m] Started LVM2 metadata daemon.
[[0;32m  OK  [0m] Started Load/Save Random Seed.
[[0;32m  OK  [0m] Started udev Coldplug all Devices.
[    7.418566] systemd-journald[354]: Received request to flush runtime journal from PID 1
[[0;32m  OK  [0m] Started Flush Journal to Persistent Storage.
[    7.470290] iscsi: registered transport (iser)
[[0;32m  OK  [0m] Started Load Kernel Modules.
         Mounting FUSE Control File System...
         Starting Apply Kernel Variables...
[[0;32m  OK  [0m] Mounted FUSE Control File System.
[[0;32m  OK  [0m] Started Create Static Device Nodes in /dev.
[[0;32m  OK  [0m] Started Apply Kernel Variables.
         Starting udev Kernel Device Manager...
[[0;32m  OK  [0m] Started Monitoring of LVM2 mirrors,...ng dmeventd or progress polling.
[[0;32m  OK  [0m] Reached target Local File Systems (Pre).
[[0;32m  OK  [0m] Reached target Local File Systems.
         Starting LSB: AppArmor initialization...
         Starting Set console font and keymap...
         Starting Initial cloud-init job (pre-networking)...
         Starting Tell Plymouth To Write Out Runtime Data...
         Starting Create Volatile Files and Directories...
[[0;32m  OK  [0m] Started udev Kernel Device Manager.
[[0;32m  OK  [0m] Started Dispatch Password Requests to Console Directory Watch.
[[0;32m  OK  [0m] Started Tell Plymouth To Write Out Runtime Data.
[[0;32m  OK  [0m] Found device /dev/ttyS0.
[[0;32m  OK  [0m] Listening on Load/Save RF Kill Switch Status /dev/rfkill Watch.
[[0;32m  OK  [0m] Started Create Volatile Files and Directories.
         Starting Update UTMP about System Boot/Shutdown...
[[0;32m  OK  [0m] Found device 82540EM Gigabit Ethern...r (PRO/1000 MT Desktop Adapter).
[[0;32m  OK  [0m] Started Update UTMP about System Boot/Shutdown.
[[0;32m  OK  [0m] Started LSB: AppArmor initialization.
[[0;32m  OK  [0m] Started Set console font and keymap.
[[0;32m  OK  [0m] Created slice system-getty.slice.
[   11.517468] cloud-init[475]: Cloud-init v. 18.4-0ubuntu1~16.04.2 running 'init-local' at Thu, 22 Nov 2018 21:16:51 +0000. Up 10.86 seconds.
[[0;32m  OK  [0m] Started Initial cloud-init job (pre-networking).
[[0;32m  OK  [0m] Reached target Network (Pre).
         Starting Raise network interfaces...
[[0;32m  OK  [0m] Started ifup for enp0s3.
[[0;32m  OK  [0m] Started Raise network interfaces.
[[0;32m  OK  [0m] Reached target Network.
         Starting Initial cloud-init job (metadata service crawler)...
[   13.361337] cloud-init[966]: Cloud-init v. 18.4-0ubuntu1~16.04.2 running 'init' at Thu, 22 Nov 2018 21:16:53 +0000. Up 12.68 seconds.
[   13.459486] [[0;32m  OK  [0m] Started Initial cloud-init job (metadata service crawler).
cloud-init[[0;32m  OK  [0m] Reached target Cloud-config availability.
[[0;32m  OK  [0m] Reached target Network is Online.
[966]: ci-info: ++++++++++++++++++++++++++++++++++++++Net device info+++++++++++++++++++++++++++++++++++++++
[   13.474907] cloud-init[966]: ci-info: +--------+-------+----------------------------+---------------+--------+-------------------+
[   13.478601] cloud-init[966]: ci-info: | Device |   Up  |          Address           |      Mask     | Scope  |     Hw-Address    |
[   13.482298] cloud-init[966]: ci-info: +--------+-------+----------------------------+---------------+--------+-------------------+
[   13.488048] cloud-init[966]: ci-info: | enp0s3 |  True |         10.0.2.15          | 255.255.255.0 | global | 02:b7:b4:ca:a2:df |
         Starting iSCSI initiator daemon (iscsid)...
[[0;32m  OK  [0m] Reached target System Initialization.
[   13.494315] cloud-init[966]: ci-info: | enp0s3 |  True | fe80::b7:b4ff:feca:a2df/64 |       .       |  link  | 02:b7:b4:ca:a2:df |
[   13.596417] cloud-init[966]: ci-info: | enp0s8 | False |             .              |       .       |   .    | 08:00:27:75:03:b3 |
[[0;32m  OK  [0m] Started Daily apt download activities.
[[0;32m  OK  [0m] Started Daily apt upgrade and clean activities.
         Starting Socket activation for snappy daemon.
[[0;32m  OK  [0m[   13.602820] ] cloud-initListening on UUID daemon activation socket.[966]: 
ci-info: |   lo   |  True |         127.0.0.1          |   255.0.0.0   |  host  |         .         |
[   13.774802] cloud-init[966]: ci-info: |   lo   |  True |          ::1/128           |       .       |  host  |         .         |
[   13.797862] cloud-init[966]: ci-info: +--------+-------+----------------------------+---------------+--------+-------------------+
[   13.824424] cloud-init[966]: ci-info: +++++++++++++++++++++++++++Route IPv4 info++++++++++++++++++++++++++++
[   13.824745] cloud-init[966]: ci-info: +-------+-------------+----------+---------------+-----------+-------+
[[   13.825179] cloud-init[0;32m  OK  [0m[966]: ] ci-info: | Route | Destination | Gateway  |    Genmask    | Interface | Flags |Started ACPI Events Check.

[[0;32m  OK  [0m] Reached target Paths.
[   13.825269] cloud-init[966]: ci-info: +-------+-------------+----------+---------------+-----------+-------+
[   13.962881] cloud-init[966]: ci-info: |   0   |   0.0.0.0   | 10.0.2.2 |    0.0.0.0    |   enp0s3  |   UG  |
[   13.976497] cloud-init[966]: ci-info: |   1   |   10.0.2.0  | 0.0.0.0  | 255.255.255.0 |   enp0s3  |   U   |
[   13.998092] cloud-init[966]: ci-info: +-------+-------------+----------+---------------+-----------+-------+
[   14.004835] cloud-init[966]: ci-info: +++++++++++++++++++Route IPv6 info+++++++++++++++++++
[   14.009025] cloud-init[966]: ci-info: +-------+-------------+---------+-----------+-------+
[   14.020289] cloud-init[966]: ci-info: | Route | Destination | Gateway | Interface | Flags |
[   14.020432] cloud-init[966]: ci-info: +-------+-------------+---------+-----------+-------+
[   14.023603] cloud-init[966]: ci-info: |   0   |  fe80::/64  |    ::   |   enp0s3  |   U   |
[   14.026827] cloud-init[966]: ci-info: |   3   |   ff00::/8  |    ::   |   enp0s3  |   U   |
[[0;32m  OK  [0m] [   14.031872] cloud-init[966]: ci-info: +-------+-------------+---------+-----------+-------+
Started Daily Cleanup of Temporary Directories.
[[0;32m  OK  [0m] Reached target Timers.
[[0;32m  OK  [0m] Listening on D-Bus System Message Bus Socket.
         Starting LXD - unix socket.
[[0;32m  OK  [0m] Listening on ACPID Listen Socket.
[[0;32m  OK  [0m] Listening on Socket activation for snappy daemon.
[[0;32m  OK  [0m] Listening on LXD - unix socket.
[[0;32m  OK  [0m] Started iSCSI initiator daemon (iscsid).
         Starting Login to default iSCSI targets...
[[0;32m  OK  [0m] Reached target Sockets.
[[0;32m  OK  [0m] Reached target Basic System.
[[0;32m  OK  [0m] Started ACPI event daemon.
         Starting LSB: Record successful boot for GRUB...
         Starting LSB: MD monitoring daemon...
[[0;32m  OK  [0m] Started FUSE filesystem for LXC.
[[0;32m  OK  [0m] Started Regular background program processing daemon.
[[0;32m  OK  [0m] Started Unattended Upgrades Shutdown.
[[0;32m  OK  [0m] Started D-Bus System Message Bus.
         Starting System Logging Service...
         Starting OpenBSD Secure Shell server...
         Starting Accounts Service...
[[0;32m  OK  [0m] Started Deferred execution scheduler.
         Starting Virtualbox guest utils...
         Starting /etc/rc.local Compatibility...
         Starting Login Service...
         Starting LXD - container startup/shutdown...
         Starting Snappy daemon...
[[0;32m  OK  [0m] Started /etc/rc.local Compatibility.
[[0;32m  OK  [0m] Started Login Service.
[[0;32m  OK  [0m] Started LSB: Record successful boot for GRUB.
[[0;32m  OK  [0m] Started LSB: MD monitoring daemon.
[[0;32m  OK  [0m] Started Login to default iSCSI targets.
[[0;32m  OK  [0m] Reached target Remote File Systems (Pre).
[[0;32m  OK  [0m] Reached target Remote File Systems.
         Starting LSB: automatic crash report generation...
         Starting LSB: daemon to balance interrupts for SMP systems...
         Starting LSB: Set the CPU Frequency Scaling governor to "ondemand"...
         Starting Permit User Sessions...
[[0;32m  OK  [0m] Started System Logging Service.
[[0;32m  OK  [0m] Started LSB: Set the CPU Frequency Scaling governor to "ondemand".
[[0;32m  OK  [0m] Started Permit User Sessions.
         Starting Hold until boot process finishes up...
         Starting Terminate Plymouth Boot Screen...
[[0;32m  OK  [0m] Started LSB: automatic crash report generation.
[[0;32m  OK  [0m] Started Hold until boot process finishes up.
[[0;32m  OK  [0m] Started Terminate Plymouth Boot Screen.
[[0;32m  OK  [0m] Started Virtualbox guest utils.
[[0;32m  OK  [0m] Started OpenBSD Secure Shell server.
[[0;32m  OK  [0m] Started LSB: daemon to balance interrupts for SMP systems.
[[0;32m  OK  [0m] Started Serial Getty on ttyS0.
         Starting Set console scheme...
[[0;32m  OK  [0m] Started Getty on tty1.
[[0;32m  OK  [0m] Reached target Login Prompts.
[[0;32m  OK  [0m] Started Set console scheme.
         Starting Authenticate and Authorize Users to Run Privileged Tasks...
[[0;32m  OK  [0m] Started Authenticate and Authorize Users to Run Privileged Tasks.
[[0;32m  OK  [0m] Started Accounts Service.
[[0;32m  OK  [0m] Started LXD - container startup/shutdown.
[[0;32m  OK  [0m] Started Snappy daemon.
         Starting Wait until snapd is fully seeded...
[[0;32m  OK  [0m] Started Wait until snapd is fully seeded.
         Starting Apply the settings specified in cloud-config...
[[0;32m  OK  [0m] Reached target Multi-User System.
[[0;32m  OK  [0m] Reached target Graphical Interface.
         Starting Update UTMP about System Runlevel Changes...
[[0;32m  OK  [0m] Started Update UTMP about System Runlevel Changes.
[   17.274620] cloud-init[1212]: Cloud-init v. 18.4-0ubuntu1~16.04.2 running 'modules:config' at Thu, 22 Nov 2018 21:16:58 +0000. Up 17.07 seconds.
[[0;32m  OK  [0m] Started Apply the settings specified in cloud-config.
         Starting Execute cloud user/final scripts...
[   18.126509] cloud-init[1228]: Cloud-init v. 18.4-0ubuntu1~16.04.2 running 'modules:final' at Thu, 22 Nov 2018 21:16:58 +0000. Up 17.94 seconds.
[   18.240640] cloud-init[1228]: Cloud-init v. 18.4-0ubuntu1~16.04.2 finished at Thu, 22 Nov 2018 21:16:59 +0000. Datasource DataSourceNoCloud [seed=/dev/sdb][dsmode=net].  Up 18.11 seconds
[[0;32m  OK  [0m] Created slice User Slice of vagrant.
         Starting User Manager for UID 1000...
[[0;32m  OK  [0m] Started Execute cloud user/final scripts.
[[0;32m  OK  [0m] Started Session 1 of user vagrant.
[[0;32m  OK  [0m] Reached target Cloud-init target.
[[0;32m  OK  [0m] Started User Manager for UID 1000.

Ubuntu 16.04.5 LTS ubuntu-xenial ttyS0

ubuntu-xenial login: 